[config] profile=standard workers=8 chunk=1/1 maxit=30 timeout=600s

== A. Marginal moments of each family (1e6 draws) ==
                           Family Draw       mu target_sd mean_ratio sd_ratio
                             Beta  any 0.000100  0.000100      1.001    1.001
                             Beta  any 0.000162  0.000127      0.999    0.999
                             Beta  any 0.000225  0.000150      0.999    1.000
                             Beta  any 0.000350  0.000187      1.000    1.000
                             Beta  any 0.001100  0.000331      1.000    1.000
                               EG  any 0.000100  0.000100      0.998    0.997
                               EG  any 0.000162  0.000127      1.001    1.002
                               EG  any 0.000225  0.000150      1.000    1.001
                               EG  any 0.000350  0.000187      1.000    0.999
                               EG  any 0.001100  0.000331      1.000    1.000
                               LN  any 0.000100  0.000100      1.000    0.999
                               LN  any 0.000162  0.000127      1.000    0.998
                               LN  any 0.000225  0.000150      1.000    0.999
                               LN  any 0.000350  0.000187      1.001    1.001
                               LN  any 0.001100  0.000331      1.000    1.000
                               SX  any 0.000100  0.000100      0.999    1.000
                               SX  any 0.000162  0.000127      0.999    0.998
                               SX  any 0.000225  0.000150      1.000    1.003
                               SX  any 0.000350  0.000187      1.001    1.002
                               SX  any 0.001100  0.000331      1.000    1.002
                               BB    u 0.000100  0.000100      1.000    1.001
                               BB    s 0.000100  0.000100      1.000    1.000
                               BB    u 0.000162  0.000127      1.001    0.999
                               BB    s 0.000162  0.000127      1.000    1.000
                               BB    u 0.000225  0.000150      1.000    1.001
                               BB    s 0.000225  0.000150      0.998    0.999
                               BB    u 0.000350  0.000187      0.999    1.000
                               BB    s 0.000350  0.000187      0.999    0.999
                               BB    u 0.001100  0.000331      1.000    0.999
                               BB    s 0.001100  0.000331      1.000    1.000
                 EG (v2: k = 113)  any 0.000100  0.000100      1.000    1.001
 LN (v2: phi = 2.05, median = mu)  any 0.000100  0.000100      1.275    1.010
                 EG (v2: k = 113)  any 0.000162  0.000127      0.999    1.187
 LN (v2: phi = 2.05, median = mu)  any 0.000162  0.000127      1.276    1.289
                 EG (v2: k = 113)  any 0.000225  0.000150      1.000    1.332
 LN (v2: phi = 2.05, median = mu)  any 0.000225  0.000150      1.275    1.508
                 EG (v2: k = 113)  any 0.000350  0.000187      1.000    1.554
 LN (v2: phi = 2.05, median = mu)  any 0.000350  0.000187      1.276    1.894
                 EG (v2: k = 113)  any 0.001100  0.000331      1.001    2.285
 LN (v2: phi = 2.05, median = mu)  any 0.001100  0.000331      1.274    3.337
 skewness p_below_mu_over_10
    2.007           0.094967
    1.569           0.032531
    1.337           0.011726
    1.061           0.001737
    0.598           0.000000
    3.207           0.021162
    2.413           0.004311
    1.984           0.000898
    1.539           0.000039
    0.822           0.000000
    3.954           0.009451
    2.826           0.001355
    2.256           0.000268
    1.765           0.000003
    0.934           0.000000
    3.017           0.004103
    2.354           0.000268
    2.014           0.000019
    1.609           0.000000
    0.905           0.000000
    2.002           0.095482
    1.000           0.071395
    1.554           0.032339
    0.979           0.002952
    1.330           0.011570
    0.977           0.000070
    1.073           0.001620
    0.968           0.000000
    0.603           0.000000
    0.958           0.000000
    3.242           0.021223
    2.880           0.000485
    2.969           0.014807
    2.822           0.000485
    2.785           0.011294
    2.771           0.000508
    2.540           0.007269
    2.844           0.000502
    1.999           0.001652
    2.770           0.000485
ok:   A: every family has mean = mu (within 1%)
ok:   A: every family has SD = Beta SD (within 3%)
Calibrated parameters (for the write-up):
         mu  EG_k  LN_sd LN_loc logit_mu
1 0.0001000 113.2 0.8327 -9.557   -9.210
2 0.0001625 150.1 0.6927 -8.964   -8.725
3 0.0002250 183.5 0.6066 -8.583   -8.399
4 0.0003500 244.1 0.5015 -8.083   -7.957
5 0.0011000 527.2 0.2952 -6.855   -6.811

== B. Realised number of responders (version 2 vs version 3) ==
Realised rho, version 2 (rows P, columns nominal rho):
     rho
P           0.1       0.2      0.25       0.5      0.75       0.8       0.9
  10  0.2000000 0.2000000 0.6000000 0.6000000 0.6000000 0.8000000 0.8000000
  20  0.2000000 0.2000000 0.4000000 0.6000000 0.6000000 0.8000000 0.8000000
  30  0.2000000 0.2000000 0.3333333 0.5333333 0.6666667 0.8000000 0.8000000
  50  0.1200000 0.2000000 0.2800000 0.5200000 0.7200000 0.8000000 0.8800000
  75  0.1466667 0.2000000 0.2533333 0.5200000 0.7466667 0.8000000 0.8533333
  80  0.1000000 0.2000000 0.2500000 0.5000000 0.7500000 0.8000000 0.9000000
  100 0.1200000 0.2000000 0.2800000 0.5200000 0.7200000 0.8000000 0.8800000
Realised rho, version 3:
     rho
P           0.1       0.2      0.25       0.5      0.75       0.8       0.9
  10  0.1000000 0.2000000 0.3000000 0.5000000 0.8000000 0.8000000 0.9000000
  20  0.1000000 0.2000000 0.2500000 0.5000000 0.7500000 0.8000000 0.9000000
  30  0.1000000 0.2000000 0.2666667 0.5000000 0.7666667 0.8000000 0.9000000
  50  0.1000000 0.2000000 0.2600000 0.5000000 0.7600000 0.8000000 0.9000000
  75  0.1066667 0.2000000 0.2533333 0.5066667 0.7466667 0.8000000 0.9066667
  80  0.1000000 0.2000000 0.2500000 0.5000000 0.7500000 0.8000000 0.9000000
  100 0.1000000 0.2000000 0.2500000 0.5000000 0.7500000 0.8000000 0.9000000
ok:   B: realised rho within rounding of nominal rho

== C. Large datasets: constraints and realised effect size ==
ok:   C: all profile constraints hold (baseline, Beta, delta = 0.001)
ok:   C: responder <=> true Delta > 0 (baseline, Beta, delta = 0.001)
ok:   C: all profile constraints hold (baseline, Beta, delta = 6.25e-05)
ok:   C: responder <=> true Delta > 0 (baseline, Beta, delta = 6.25e-05)
ok:   C: all profile constraints hold (prior, Beta, delta = 0.001)
ok:   C: responder <=> true Delta > 0 (prior, Beta, delta = 0.001)
ok:   C: all profile constraints hold (prior, Beta, delta = 6.25e-05)
ok:   C: responder <=> true Delta > 0 (prior, Beta, delta = 6.25e-05)
ok:   C: all profile constraints hold (prior, EG, delta = 0.001)
ok:   C: responder <=> true Delta > 0 (prior, EG, delta = 0.001)
ok:   C: all profile constraints hold (prior, EG, delta = 6.25e-05)
ok:   C: responder <=> true Delta > 0 (prior, EG, delta = 6.25e-05)
ok:   C: all profile constraints hold (prior, LN, delta = 0.001)
ok:   C: responder <=> true Delta > 0 (prior, LN, delta = 0.001)
ok:   C: all profile constraints hold (prior, LN, delta = 6.25e-05)
ok:   C: responder <=> true Delta > 0 (prior, LN, delta = 6.25e-05)
ok:   C: all profile constraints hold (prior, SX, delta = 0.001)
ok:   C: responder <=> true Delta > 0 (prior, SX, delta = 0.001)
ok:   C: all profile constraints hold (prior, SX, delta = 6.25e-05)
ok:   C: responder <=> true Delta > 0 (prior, SX, delta = 6.25e-05)
ok:   C: all profile constraints hold (prior, BB, delta = 0.001)
ok:   C: responder <=> true Delta > 0 (prior, BB, delta = 0.001)
Error in guard(r, k) : 
  Rejection sampling did not finish for profile R1 (family BB, effect 6.25e-05)
Calls: simulate_MIMOSA2_alt_prior -> guard
Execution halted
