Found SIF: /scratch/abrmoe030/.cache/apptainer/mimosa2.sif
Running inside container: Rscript -e "source("sims/10_dgm_checks.R")"
[config] R library paths: /scratch/abrmoe030/R_libs | /workspaces/.local/lib/R | /home/abrmoe030/R/x86_64-pc-linux-gnu-library/4.6 | /usr/local/lib/R/site-library | /usr/local/lib/R/library
[config] profile=standard workers=8 chunk=1/1 maxit=30 timeout=600s

== A. Marginal moments of each family (1e6 draws) ==
                           Family Draw       mu target_sd mean_ratio sd_ratio
                             Beta  any 0.000100  0.000100      1.001    1.001
                             Beta  any 0.000162  0.000127      0.999    0.999
                             Beta  any 0.000225  0.000150      0.999    1.000
                             Beta  any 0.000350  0.000187      1.000    1.000
                             Beta  any 0.001100  0.000331      1.000    1.000
                               EG  any 0.000100  0.000100      0.998    0.997
                               EG  any 0.000162  0.000127      1.001    1.002
                               EG  any 0.000225  0.000150      1.000    1.001
                               EG  any 0.000350  0.000187      1.000    0.999
                               EG  any 0.001100  0.000331      1.000    1.000
                               LN  any 0.000100  0.000100      1.000    0.999
                               LN  any 0.000162  0.000127      1.000    0.998
                               LN  any 0.000225  0.000150      1.000    0.999
                               LN  any 0.000350  0.000187      1.001    1.001
                               LN  any 0.001100  0.000331      1.000    1.000
                               SX  any 0.000100  0.000100      0.999    1.000
                               SX  any 0.000162  0.000127      0.999    0.998
                               SX  any 0.000225  0.000150      1.000    1.003
                               SX  any 0.000350  0.000187      1.001    1.002
                               SX  any 0.001100  0.000331      1.000    1.002
                               BB    u 0.000100  0.000100      1.000    1.001
                               BB    s 0.000100  0.000100      1.000    1.000
                               BB    u 0.000162  0.000127      1.001    0.999
                               BB    s 0.000162  0.000127      1.000    1.000
                               BB    u 0.000225  0.000150      1.000    1.001
                               BB    s 0.000225  0.000150      0.998    0.999
                               BB    u 0.000350  0.000187      0.999    1.000
                               BB    s 0.000350  0.000187      0.999    0.999
                               BB    u 0.001100  0.000331      1.000    0.999
                               BB    s 0.001100  0.000331      1.000    1.000
                 EG (v2: k = 113)  any 0.000100  0.000100      1.000    1.001
 LN (v2: phi = 2.05, median = mu)  any 0.000100  0.000100      1.275    1.010
                 EG (v2: k = 113)  any 0.000162  0.000127      0.999    1.187
 LN (v2: phi = 2.05, median = mu)  any 0.000162  0.000127      1.276    1.289
                 EG (v2: k = 113)  any 0.000225  0.000150      1.000    1.332
 LN (v2: phi = 2.05, median = mu)  any 0.000225  0.000150      1.275    1.508
                 EG (v2: k = 113)  any 0.000350  0.000187      1.000    1.554
 LN (v2: phi = 2.05, median = mu)  any 0.000350  0.000187      1.276    1.894
                 EG (v2: k = 113)  any 0.001100  0.000331      1.001    2.285
 LN (v2: phi = 2.05, median = mu)  any 0.001100  0.000331      1.274    3.337
 skewness p_below_mu_over_10
    2.007           0.094967
    1.569           0.032531
    1.337           0.011726
    1.061           0.001737
    0.598           0.000000
    3.207           0.021162
    2.413           0.004311
    1.984           0.000898
    1.539           0.000039
    0.822           0.000000
    3.954           0.009451
    2.826           0.001355
    2.256           0.000268
    1.765           0.000003
    0.934           0.000000
    3.017           0.004103
    2.354           0.000268
    2.014           0.000019
    1.609           0.000000
    0.905           0.000000
    2.002           0.095482
    1.000           0.071395
    1.554           0.032339
    0.979           0.002952
    1.330           0.011570
    0.977           0.000070
    1.073           0.001620
    0.968           0.000000
    0.603           0.000000
    0.958           0.000000
    3.242           0.021223
    2.880           0.000485
    2.969           0.014807
    2.822           0.000485
    2.785           0.011294
    2.771           0.000508
    2.540           0.007269
    2.844           0.000502
    1.999           0.001652
    2.770           0.000485
ok:   A: every family has mean = mu (within 1%)
ok:   A: every family has SD = Beta SD (within 3%)
Calibrated parameters (for the write-up):
         mu  EG_k  LN_sd LN_loc logit_mu
1 0.0001000 113.2 0.8327 -9.557   -9.210
2 0.0001625 150.1 0.6927 -8.964   -8.725
3 0.0002250 183.5 0.6066 -8.583   -8.399
4 0.0003500 244.1 0.5015 -8.083   -7.957
5 0.0011000 527.2 0.2952 -6.855   -6.811

== B. Realised number of responders (version 2 vs version 3) ==
Realised rho, version 2 (rows P, columns nominal rho):
     rho
P           0.1       0.2      0.25       0.5      0.75       0.8       0.9
  10  0.2000000 0.2000000 0.6000000 0.6000000 0.6000000 0.8000000 0.8000000
  20  0.2000000 0.2000000 0.4000000 0.6000000 0.6000000 0.8000000 0.8000000
  30  0.2000000 0.2000000 0.3333333 0.5333333 0.6666667 0.8000000 0.8000000
  50  0.1200000 0.2000000 0.2800000 0.5200000 0.7200000 0.8000000 0.8800000
  75  0.1466667 0.2000000 0.2533333 0.5200000 0.7466667 0.8000000 0.8533333
  80  0.1000000 0.2000000 0.2500000 0.5000000 0.7500000 0.8000000 0.9000000
  100 0.1200000 0.2000000 0.2800000 0.5200000 0.7200000 0.8000000 0.8800000
Realised rho, version 3:
     rho
P           0.1       0.2      0.25       0.5      0.75       0.8       0.9
  10  0.1000000 0.2000000 0.3000000 0.5000000 0.8000000 0.8000000 0.9000000
  20  0.1000000 0.2000000 0.2500000 0.5000000 0.7500000 0.8000000 0.9000000
  30  0.1000000 0.2000000 0.2666667 0.5000000 0.7666667 0.8000000 0.9000000
  50  0.1000000 0.2000000 0.2600000 0.5000000 0.7600000 0.8000000 0.9000000
  75  0.1066667 0.2000000 0.2533333 0.5066667 0.7466667 0.8000000 0.9066667
  80  0.1000000 0.2000000 0.2500000 0.5000000 0.7500000 0.8000000 0.9000000
  100 0.1000000 0.2000000 0.2500000 0.5000000 0.7500000 0.8000000 0.9000000
ok:   B: realised rho within rounding of nominal rho

== C. Large datasets: constraints and realised effect size ==
ok:   C: all profile constraints hold (baseline, Beta, delta = 0.001)
ok:   C: responder <=> true Delta > 0 (baseline, Beta, delta = 0.001)
ok:   C: all profile constraints hold (baseline, Beta, delta = 6.25e-05)
ok:   C: responder <=> true Delta > 0 (baseline, Beta, delta = 6.25e-05)
ok:   C: all profile constraints hold (prior, Beta, delta = 0.001)
ok:   C: responder <=> true Delta > 0 (prior, Beta, delta = 0.001)
ok:   C: all profile constraints hold (prior, Beta, delta = 6.25e-05)
ok:   C: responder <=> true Delta > 0 (prior, Beta, delta = 6.25e-05)
ok:   C: all profile constraints hold (prior, EG, delta = 0.001)
ok:   C: responder <=> true Delta > 0 (prior, EG, delta = 0.001)
ok:   C: all profile constraints hold (prior, EG, delta = 6.25e-05)
ok:   C: responder <=> true Delta > 0 (prior, EG, delta = 6.25e-05)
ok:   C: all profile constraints hold (prior, LN, delta = 0.001)
ok:   C: responder <=> true Delta > 0 (prior, LN, delta = 0.001)
ok:   C: all profile constraints hold (prior, LN, delta = 6.25e-05)
ok:   C: responder <=> true Delta > 0 (prior, LN, delta = 6.25e-05)
ok:   C: all profile constraints hold (prior, SX, delta = 0.001)
ok:   C: responder <=> true Delta > 0 (prior, SX, delta = 0.001)
ok:   C: all profile constraints hold (prior, SX, delta = 6.25e-05)
ok:   C: responder <=> true Delta > 0 (prior, SX, delta = 6.25e-05)
ok:   C: all profile constraints hold (prior, BB, delta = 0.001)
ok:   C: responder <=> true Delta > 0 (prior, BB, delta = 0.001)
ok:   C: all profile constraints hold (prior, BB, delta = 6.25e-05)
ok:   C: responder <=> true Delta > 0 (prior, BB, delta = 6.25e-05)
 Family   Phi   Effect   Source                               n_profile
   Beta  2000 1.00e-03 baseline 5000/5000/5000/5000/5000/5000/5000/5000
   Beta  2000 6.25e-05 baseline 5000/5000/5000/5000/5000/5000/5000/5000
   Beta 10000 1.00e-03    prior 5000/5000/5000/5000/5000/5000/5000/5000
   Beta 10000 6.25e-05    prior 5000/5000/5000/5000/5000/5000/5000/5000
     EG 10000 1.00e-03    prior 5000/5000/5000/5000/5000/5000/5000/5000
     EG 10000 6.25e-05    prior 5000/5000/5000/5000/5000/5000/5000/5000
     LN 10000 1.00e-03    prior 5000/5000/5000/5000/5000/5000/5000/5000
     LN 10000 6.25e-05    prior 5000/5000/5000/5000/5000/5000/5000/5000
     SX 10000 1.00e-03    prior 5000/5000/5000/5000/5000/5000/5000/5000
     SX 10000 6.25e-05    prior 5000/5000/5000/5000/5000/5000/5000/5000
     BB 10000 1.00e-03    prior 5000/5000/5000/5000/5000/5000/5000/5000
     BB 10000 6.25e-05    prior 5000/5000/5000/5000/5000/5000/5000/5000
 rho_realised n_stuck_redraws mean_true_delta_resp ratio_to_nominal
          0.5               0             0.000785            0.785
          0.5               0             0.000260            4.166
          0.5               0             0.000661            0.661
          0.5               0             0.000127            2.035
          0.5               0             0.000656            0.656
          0.5               1             0.000127            2.038
          0.5               0             0.000657            0.657
          0.5               1             0.000123            1.974
          0.5               0             0.000658            0.658
          0.5               2             0.000125            2.004
          0.5               0             0.000650            0.650
          0.5              88             0.000124            1.977
 median_true_delta_resp mean_ps1_resp ratio_R1 ratio_R2 ratio_R3 ratio_R4
               5.99e-04      0.001168    0.966    1.046   0.1600    0.970
               1.24e-04      0.000343    5.502    3.411   2.1672    5.586
               6.71e-04      0.001105    0.785    0.994   0.1014    0.765
               9.21e-05      0.000260    2.183    2.192   1.6285    2.137
               6.64e-04      0.001103    0.778    0.999   0.0917    0.753
               8.35e-05      0.000271    2.349    2.111   1.4629    2.229
               6.68e-04      0.001108    0.772    0.997   0.0898    0.770
               7.99e-05      0.000271    2.270    2.045   1.3619    2.218
               6.66e-04      0.001102    0.771    1.001   0.0913    0.767
               8.14e-05      0.000273    2.259    2.066   1.4177    2.273
               6.59e-04      0.001096    0.752    0.994   0.1009    0.752
               9.82e-05      0.000268    1.942    2.294   1.6001    2.072
 expected_extra_cells_at_15k
                       11.78
                        3.91
                        9.92
                        1.91
                        9.83
                        1.91
                        9.86
                        1.85
                        9.87
                        1.88
                        9.75
                        1.85
NOTE for the write-up: ratio_to_nominal != 1 shows that rejection sampling and the profile definitions make the
realised mean Delta among responders differ from the nominal delta (Morris 3.2, pitfall 4):
larger than delta for small delta (truncation), smaller for large delta (profile R3 does not depend on delta).

== D. Reproducibility of streams ==
ok:   D: same stream -> identical dataset
ok:   D: different streams -> different datasets
ok:   D: design (and all streams) rebuilt identically

== E. Does MIMOSA2 touch the random-number generator? ==
ok:   E: MIMOSA2 does not use or reset the RNG

==============================================================
ALL DGM CHECKS PASSED. Tables written to _tables
Found SIF: /scratch/abrmoe030/.cache/apptainer/mimosa2.sif
Running inside container: Rscript -e "source("sims/11_smoke_test.R")"
[config] R library paths: /scratch/abrmoe030/R_libs | /workspaces/.local/lib/R | /home/abrmoe030/R/x86_64-pc-linux-gnu-library/4.6 | /usr/local/lib/R/site-library | /usr/local/lib/R/library
[config] profile=standard workers=8 chunk=1/1 maxit=30 timeout=600s

== 1. Packages ==
R version used for this run: R version 4.6.0 (2026-04-24)  (/usr/local/lib/R)
Library paths: /scratch/abrmoe030/R_libs | /workspaces/.local/lib/R | /home/abrmoe030/R/x86_64-pc-linux-gnu-library/4.6 | /usr/local/lib/R/site-library | /usr/local/lib/R/library
PASS  package loads: MIMOSA2
PASS  package loads: dplyr
PASS  package loads: tidyr
PASS  package loads: purrr
PASS  package loads: ggplot2
PASS  package loads: knitr
note: optional package plotROC not installed
MIMOSA2 version: 0.99.0.900 | R R version 4.6.0 (2026-04-24)

== 2. MIMOSA2 fit object ==
names(fit): z, inds, pi_est, thetahat, ps1_hat, ps0_hat, pu1_hat, pu0_hat, Ntot, ns1, nu1, ns0, nu0
List of 13
 $ z       : num [1:50, 1:11] 0.15676 0.15038 0.36291 0.00176 0.196 ...
 $ inds    : num [1:50, 1:11] 0 0 0 0 0 0 0 0 0 0 ...
 $ pi_est  : num [1:11] 0.0783 0.166 0.0543 0.1132 0.1272 ...
 $ thetahat: Named num [1:8] -7.12 7.01 -7.57 7.64 -9.19 ...
 $ ps1_hat : num [1:50] 0.00024 0.00185 0.00149 0.00124 0.00039 ...
 $ ps0_hat : num [1:50] 0.00019 0.00005 0.00007 0.000839 0.00021 ...
 $ pu1_hat : num [1:50] 0 0.00127 0 0.0011 0 ...
 $ pu0_hat : num [1:50] 0.00007 0.00007 0 0.00114 0 ...
 $ Ntot    : num [1:50, 1:4] 1e+05 1e+05 1e+05 1e+05 1e+05 1e+05 1e+05 1e+05 1e+05 1e+05 ...
 $ ns1     : int [1:50] 24 185 149 124 39 5 58 20 63 45 ...
 $ nu1     : int [1:50] 0 127 0 110 0 1 14 8 11 12 ...
 $ ns0     : int [1:50] 19 5 7 84 21 13 0 0 0 1 ...
 $ nu0     : int [1:50] 7 7 0 114 0 42 0 0 0 1 ...
PASS  fit$z is P x K (got 50 x 11)
PASS  rows of fit$z sum to 1 (posterior component probabilities)
mean P(responder) among true responders 0.738, non-responders 0.086
PASS  components 1-4 of fit$z are the responder components (responders score higher)
fit_iterations(fit) = NA  (NA means the fit object has no iteration count; Iter will be NA in the results)
PASS  getResponse(fit, 0.01) returns P logical calls
PASS  getResponse(fit, 0.01) == our Bayesian-FDR rule q < 0.01
PASS  getResponse(fit, 0.05) returns P logical calls
PASS  getResponse(fit, 0.05) == our Bayesian-FDR rule q < 0.05
max |getFDR - our q| = 0.00e+00
PASS  getFDR(fit) equals our q-values
PASS  fit_mimosa2() wrapper: status ok and calls agree

== 3. DiD_wald() vs version-2 DiD_GLM() ==
Medium cells: GLM gave the tie value 0.05 to 21 of 50 subjects (negative estimate or no convergence); 34 subjects have a zero count
PASS  DiD_wald score == DiD_GLM where GLM converged with est >= 0 (Medium cells; max diff 5.6e-16)
Low cells: GLM gave the tie value 0.05 to 14 of 50 subjects (negative estimate or no convergence); 44 subjects have a zero count
PASS  DiD_wald score == DiD_GLM where GLM converged with est >= 0 (Low cells; max diff 2.2e-16)

== 4. Time limit ==
PASS  a 5-second job is killed after 1 second
PASS  an error inside the job is caught and recorded
PASS  a normal job returns its value

== 5. Timing benchmark (this takes a few minutes) ==
    P   Cell     sec
1  10    Low  8.0290
2  20    Low 11.4775
3  50    Low 13.3365
4 100    Low 15.7160
5  10 Medium  9.4005
6  20 Medium  9.5100
7  50 Medium 10.9600
8 100 Medium 14.0115
time per fit ~ 8.70 + 0.063 * P seconds; maxit=100 takes 1.0x maxit=30 at P = 50
Projected run time (assumes this node is as fast as the cluster nodes):
  Profile         Study Core_hours Hours_on_20_cores Hours_on_64_cores
 standard      baseline      158.8               7.9               2.5
 standard         prior       34.4               1.7               0.5
 standard heterogeneity       23.3               1.2               0.4
 standard     imbalance       24.6               1.2               0.4
 standard   maxit_check        4.3               0.2               0.1
 standard         TOTAL      245.3              12.3               3.8
 extended      baseline      317.6              15.9               5.0
 extended         prior      213.3              10.7               3.3
 extended heterogeneity      314.1              15.7               4.9
 extended     imbalance      103.6               5.2               1.6
 extended   maxit_check        8.5               0.4               0.1
 extended         TOTAL      957.0              47.9              15.0
 Hours_on_this_N_WORKERS
                    19.9
                     4.3
                     2.9
                     3.1
                     0.5
                    30.7
                    39.7
                    26.7
                    39.3
                    12.9
                     1.1
                   119.6

== 6. End-to-end run of every script in the 'smoke' profile (writes to _smoke/) ==
PASS  sims/20_sim_baseline.R ran without error in 16s (log: _smoke/20_sim_baseline.R.log)
PASS  sims/21_sim_prior.R ran without error in 13s (log: _smoke/21_sim_prior.R.log)
PASS  sims/22_sim_heterogeneity.R ran without error in 21s (log: _smoke/22_sim_heterogeneity.R.log)
PASS  sims/23_sim_imbalance.R ran without error in 18s (log: _smoke/23_sim_imbalance.R.log)
PASS  sims/24_sim_maxit_check.R ran without error in 56s (log: _smoke/24_sim_maxit_check.R.log)
PASS  analysis/30_performance_tables.R ran without error in 1s (log: _smoke/30_performance_tables.R.log)
PASS  analysis/31_plots_baseline.R ran without error in 3s (log: _smoke/31_plots_baseline.R.log)
PASS  analysis/32_plots_prior.R ran without error in 5s (log: _smoke/32_plots_prior.R.log)
PASS  analysis/33_plots_heterogeneity.R ran without error in 2s (log: _smoke/33_plots_heterogeneity.R.log)
PASS  analysis/34_plots_imbalance.R ran without error in 2s (log: _smoke/34_plots_imbalance.R.log)
PASS  analysis/35_maxit_check.R ran without error in 1s (log: _smoke/35_maxit_check.R.log)
PASS  baseline: 6 datasets, 6 MIMOSA2 fits ok of 6
PASS  prior: 6 datasets, 6 MIMOSA2 fits ok of 6
PASS  heterogeneity: 4 datasets, 8 MIMOSA2 fits ok of 8
PASS  imbalance: 6 datasets, 6 MIMOSA2 fits ok of 6
PASS  maxit_check: 2 datasets, 4 MIMOSA2 fits ok of 4

================ SMOKE TEST SUMMARY ================
PASS  package loads: MIMOSA2
PASS  package loads: dplyr
PASS  package loads: tidyr
PASS  package loads: purrr
PASS  package loads: ggplot2
PASS  package loads: knitr
PASS  fit$z is P x K (got 50 x 11)
PASS  rows of fit$z sum to 1 (posterior component probabilities)
PASS  components 1-4 of fit$z are the responder components (responders score higher)
PASS  getResponse(fit, 0.01) returns P logical calls
PASS  getResponse(fit, 0.01) == our Bayesian-FDR rule q < 0.01
PASS  getResponse(fit, 0.05) returns P logical calls
PASS  getResponse(fit, 0.05) == our Bayesian-FDR rule q < 0.05
PASS  getFDR(fit) equals our q-values
PASS  fit_mimosa2() wrapper: status ok and calls agree
PASS  DiD_wald score == DiD_GLM where GLM converged with est >= 0 (Medium cells; max diff 5.6e-16)
PASS  DiD_wald score == DiD_GLM where GLM converged with est >= 0 (Low cells; max diff 2.2e-16)
PASS  a 5-second job is killed after 1 second
PASS  an error inside the job is caught and recorded
PASS  a normal job returns its value
PASS  sims/20_sim_baseline.R ran without error in 16s (log: _smoke/20_sim_baseline.R.log)
PASS  sims/21_sim_prior.R ran without error in 13s (log: _smoke/21_sim_prior.R.log)
PASS  sims/22_sim_heterogeneity.R ran without error in 21s (log: _smoke/22_sim_heterogeneity.R.log)
PASS  sims/23_sim_imbalance.R ran without error in 18s (log: _smoke/23_sim_imbalance.R.log)
PASS  sims/24_sim_maxit_check.R ran without error in 56s (log: _smoke/24_sim_maxit_check.R.log)
PASS  analysis/30_performance_tables.R ran without error in 1s (log: _smoke/30_performance_tables.R.log)
PASS  analysis/31_plots_baseline.R ran without error in 3s (log: _smoke/31_plots_baseline.R.log)
PASS  analysis/32_plots_prior.R ran without error in 5s (log: _smoke/32_plots_prior.R.log)
PASS  analysis/33_plots_heterogeneity.R ran without error in 2s (log: _smoke/33_plots_heterogeneity.R.log)
PASS  analysis/34_plots_imbalance.R ran without error in 2s (log: _smoke/34_plots_imbalance.R.log)
PASS  analysis/35_maxit_check.R ran without error in 1s (log: _smoke/35_maxit_check.R.log)
PASS  baseline: 6 datasets, 6 MIMOSA2 fits ok of 6
PASS  prior: 6 datasets, 6 MIMOSA2 fits ok of 6
PASS  heterogeneity: 4 datasets, 8 MIMOSA2 fits ok of 8
PASS  imbalance: 6 datasets, 6 MIMOSA2 fits ok of 6
PASS  maxit_check: 2 datasets, 4 MIMOSA2 fits ok of 4

All checks passed. Delete the _smoke folder and start the full runs.
