Tue Oct  6 04:36:00 PM SAST 2026 start imbalance chunk 2 of 4
Found SIF: /scratch/abrmoe030/.cache/apptainer/mimosa2.sif
Running inside container: Rscript -e "source("sims/23_sim_imbalance.R")"
[config] R library paths: /scratch/abrmoe030/R_libs | /workspaces/.local/lib/R | /home/abrmoe030/R/x86_64-pc-linux-gnu-library/4.6 | /usr/local/lib/R/site-library | /usr/local/lib/R/library
[config] profile=extended workers=20 chunk=3/4 maxit=30 timeout=600s
Imbalance: 120 scenarios; this profile runs 24000 datasets
[imbalance] 6000 tasks in this chunk, 0 already done, 6000 to run on 20 workers
[14:43] 500/6000 finished (0 failed). 4141 tasks/hour; ~1.3 h left
[14:50] 1000/6000 finished (0 failed). 4204 tasks/hour; ~1.2 h left
[14:57] 1502/6000 finished (0 failed). 4198 tasks/hour; ~1.1 h left
[15:04] 2002/6000 finished (0 failed). 4200 tasks/hour; ~1.0 h left
[15:11] 2503/6000 finished (0 failed). 4180 tasks/hour; ~0.8 h left
[15:19] 3003/6000 finished (0 failed). 4177 tasks/hour; ~0.7 h left
[15:26] 3503/6000 finished (0 failed). 4179 tasks/hour; ~0.6 h left
[15:33] 4003/6000 finished (0 failed). 4188 tasks/hour; ~0.5 h left
[15:40] 4503/6000 finished (0 failed). 4187 tasks/hour; ~0.4 h left
[15:47] 5003/6000 finished (0 failed). 4186 tasks/hour; ~0.2 h left
[15:54] 5503/6000 finished (0 failed). 4184 tasks/hour; ~0.1 h left
[imbalance] finished: 6000 ok, 0 failed (see _simulations/imbalance/progress_chunk02.log)
Tue Oct  6 06:02:04 PM SAST 2026 end
