Tue Oct  6 04:20:17 PM SAST 2026 start imbalance chunk 1 of 4
Found SIF: /scratch/abrmoe030/.cache/apptainer/mimosa2.sif
Running inside container: Rscript -e "source("sims/23_sim_imbalance.R")"
[config] R library paths: /scratch/abrmoe030/R_libs | /workspaces/.local/lib/R | /home/abrmoe030/R/x86_64-pc-linux-gnu-library/4.6 | /usr/local/lib/R/site-library | /usr/local/lib/R/library
[config] profile=extended workers=20 chunk=2/4 maxit=30 timeout=600s
Imbalance: 120 scenarios; this profile runs 24000 datasets
[imbalance] 6000 tasks in this chunk, 0 already done, 6000 to run on 20 workers
[14:28] 500/6000 finished (0 failed). 3840 tasks/hour; ~1.4 h left
[14:35] 1000/6000 finished (0 failed). 3850 tasks/hour; ~1.3 h left
[14:43] 1500/6000 finished (0 failed). 3863 tasks/hour; ~1.2 h left
[14:51] 2000/6000 finished (0 failed). 3873 tasks/hour; ~1.0 h left
[14:59] 2500/6000 finished (0 failed). 3877 tasks/hour; ~0.9 h left
[15:06] 3000/6000 finished (0 failed). 3878 tasks/hour; ~0.8 h left
[15:14] 3500/6000 finished (0 failed). 3878 tasks/hour; ~0.6 h left
[15:22] 4000/6000 finished (0 failed). 3879 tasks/hour; ~0.5 h left
[15:29] 4500/6000 finished (0 failed). 3882 tasks/hour; ~0.4 h left
[15:37] 5000/6000 finished (0 failed). 3881 tasks/hour; ~0.3 h left
[15:45] 5500/6000 finished (0 failed). 3881 tasks/hour; ~0.1 h left
[15:53] 6000/6000 finished (0 failed). 3880 tasks/hour; ~0.0 h left
[imbalance] finished: 6000 ok, 0 failed (see _simulations/imbalance/progress_chunk01.log)
Tue Oct  6 05:53:06 PM SAST 2026 end
