Tue Oct  6 06:02:05 PM SAST 2026 start prior chunk 1 of 6
Found SIF: /scratch/abrmoe030/.cache/apptainer/mimosa2.sif
Running inside container: Rscript -e "source("sims/21_sim_prior.R")"
[config] R library paths: /scratch/abrmoe030/R_libs | /workspaces/.local/lib/R | /home/abrmoe030/R/x86_64-pc-linux-gnu-library/4.6 | /usr/local/lib/R/site-library | /usr/local/lib/R/library
[config] profile=extended workers=20 chunk=2/6 maxit=30 timeout=600s
Prior family: 300 scenarios; 10 calibrated (family, mean) pairs; this profile runs 60000 datasets
[prior] 10000 tasks in this chunk, 0 already done, 10000 to run on 20 workers
[16:08] 500/10000 finished (0 failed). 4517 tasks/hour; ~2.1 h left
[16:15] 1000/10000 finished (0 failed). 4514 tasks/hour; ~2.0 h left
[16:22] 1500/10000 finished (0 failed). 4519 tasks/hour; ~1.9 h left
[16:28] 2000/10000 finished (0 failed). 4511 tasks/hour; ~1.8 h left
[16:35] 2500/10000 finished (0 failed). 4514 tasks/hour; ~1.7 h left
[16:41] 3000/10000 finished (0 failed). 4523 tasks/hour; ~1.5 h left
[16:48] 3500/10000 finished (0 failed). 4515 tasks/hour; ~1.4 h left
[16:55] 4000/10000 finished (0 failed). 4517 tasks/hour; ~1.3 h left
[17:01] 4500/10000 finished (0 failed). 4513 tasks/hour; ~1.2 h left
[17:08] 5001/10000 finished (0 failed). 4515 tasks/hour; ~1.1 h left
[17:15] 5501/10000 finished (0 failed). 4512 tasks/hour; ~1.0 h left
[17:21] 6001/10000 finished (0 failed). 4511 tasks/hour; ~0.9 h left
[17:28] 6501/10000 finished (0 failed). 4512 tasks/hour; ~0.8 h left
[17:35] 7001/10000 finished (0 failed). 4510 tasks/hour; ~0.7 h left
[17:41] 7501/10000 finished (0 failed). 4511 tasks/hour; ~0.6 h left
[17:48] 8001/10000 finished (0 failed). 4510 tasks/hour; ~0.4 h left
[17:55] 8501/10000 finished (0 failed). 4506 tasks/hour; ~0.3 h left
[18:02] 9002/10000 finished (0 failed). 4502 tasks/hour; ~0.2 h left
[18:08] 9503/10000 finished (0 failed). 4502 tasks/hour; ~0.1 h left
[prior] finished: 10000 ok, 0 failed (see _simulations/prior/progress_chunk01.log)
Tue Oct  6 08:15:35 PM SAST 2026 end
